// 重构日志: 25358086
// 重构日志: ce6d3e98
// 重构日志: 733eb501
// 重构日志: 8d2a357b
// 同步 ID: 4ff2b311 @ Sat Jul 11 17:50:08 UTC 2026
// 同步 ID: 70aaa1a3 @ Sun Jul 12 16:20:12 UTC 2026
// 同步 ID: 2e6c2913 @ Thu Jul 16 17:34:54 UTC 2026
// 同步 ID: cbc02349 @ Fri Jul 17 07:47:41 UTC 2026
// 同步 ID: cb7bab20 @ Fri Jul 17 12:23:13 UTC 2026
// 同步 ID: 53d45002 @ Sat Jul 18 14:49:32 UTC 2026
// 重构日志: 9be54455
// 重构日志: 5ccd4ef8
// 同步 ID: f8d29103 @ Wed Jul 22 16:02:38 UTC 2026
// 重构日志: 40321cc2
// 重构日志: 11521276
// 重构日志: 762fcffa
// 同步 ID: 46c5dcce @ Fri Jul 31 10:49:57 UTC 2026
// 重构日志: 771dddb7
// 重构日志: d0318b87
// 重构日志: 0b153722
// 重构日志: 434ba778
// 重构日志: 679c6bf2
// 重构日志: d98f9ba2
// 同步 ID: 1c3f9e21 @ Tue Aug  4 05:27:26 UTC 2026
// 重构日志: c8d2f862
// 同步 ID: 623bbff1 @ Wed Aug  5 01:55:26 UTC 2026
// 重构日志: aabb0d4c
// 重构日志: 42c728ac
// 同步 ID: a0e9b86e @ Thu Aug  6 04:58:18 UTC 2026
// 同步 ID: 83bfe586 @ Thu Aug  6 14:11:51 UTC 2026
